{"version":8,"type":"context-options","origin":"library","browserName":"chromium","playwrightVersion":"1.63.0-alpha-2026-08-05","options":{"noDefaultViewport":false,"viewport":{"width":1280,"height":720},"selectorEngines":[],"acceptDownloads":"accept"},"platform":"win32","wallTime":1786433322980,"monotonicTime":2258.948,"sdkLanguage":"javascript","testIdAttributeName":"data-testid","contextId":"browser-context@bc58989a750c486c4359302958f51612","channel":"chrome"}
{"type":"before","callId":"call@30","startTime":2265.2,"class":"Frame","method":"title","params":{},"pageId":"page@fd24c0cee17a415b8f841f639ba40476"}
{"type":"after","callId":"call@30","endTime":2266.05,"result":{"value":""}}
{"type":"before","callId":"call@32","startTime":2266.514,"class":"Page","method":"consoleMessages","params":{"filter":"since-navigation"},"pageId":"page@fd24c0cee17a415b8f841f639ba40476"}
{"type":"after","callId":"call@32","endTime":2266.578,"result":{"messages":[]}}
{"type":"before","callId":"call@34","startTime":2266.813,"class":"Page","method":"pageErrors","params":{"filter":"since-navigation"},"pageId":"page@fd24c0cee17a415b8f841f639ba40476"}
{"type":"after","callId":"call@34","endTime":2266.84,"result":{"errors":[]}}
{"type":"screencast-frame","pageId":"page@fd24c0cee17a415b8f841f639ba40476","sha1":"page@fd24c0cee17a415b8f841f639ba40476-1786433322990.jpeg","width":390,"height":844,"timestamp":2269.319,"frameSwapWallTime":1786433322995.156}
{"type":"before","callId":"call@36","startTime":3251.628,"class":"Frame","method":"goto","params":{"url":"http://127.0.0.1:4175/__qa/republished/old-golfer","waitUntil":"domcontentloaded","timeout":60000},"pageId":"page@fd24c0cee17a415b8f841f639ba40476","beforeSnapshot":"before@call@36"}
{"type":"frame-snapshot","snapshot":{"callId":"call@36","snapshotName":"before@call@36","pageId":"page@fd24c0cee17a415b8f841f639ba40476","frameId":"frame@d5dca43275f5abff996b7ae48404307c","frameUrl":"about:blank","html":["HTML",{},["HEAD",{},["BASE",{"href":"about:blank"}]],["BODY"]],"viewport":{"width":390,"height":844},"timestamp":3253.4,"wallTime":1786433323979,"collectionTime":0.699999988079071,"resourceOverrides":[],"isMainFrame":true}}
{"type":"log","callId":"call@36","time":3253.703,"message":"navigating to \"http://127.0.0.1:4175/__qa/republished/old-golfer\", waiting until \"domcontentloaded\""}
{"type":"after","callId":"call@36","endTime":3448.575,"result":{"response":"<Response>"},"afterSnapshot":"after@call@36"}
{"type":"frame-snapshot","snapshot":{"callId":"call@36","snapshotName":"after@call@36","pageId":"page@fd24c0cee17a415b8f841f639ba40476","frameId":"frame@d5dca43275f5abff996b7ae48404307c","frameUrl":"http://127.0.0.1:4175/r#token=867JEhBDYWL14ACLCexRr1AUhmPZ_Fr2iEGGT2vUc90","doctype":"html","html":["HTML",{"lang":"en-CA"},["HEAD",{},["BASE",{"href":"http://127.0.0.1:4175/r#token=867JEhBDYWL14ACLCexRr1AUhmPZ_Fr2iEGGT2vUc90"}],["META",{"charset":"utf-8"}],["META",{"name":"viewport","content":"width=device-width, initial-scale=1"}],["LINK",{"rel":"stylesheet","href":"/assets/worker-entry-C1HsYmDX.css","data-precedence":"vite-rsc/client-reference"}],["LINK",{"rel":"stylesheet","href":"/assets/index-Dfm494ox.css","data-rsc-css-href":"/assets/index-Dfm494ox.css","data-precedence":"vite-rsc/importer-resources"}],["LINK",{"rel":"modulepreload","href":"/assets/worker-entry-O6roTrf7.js","crossorigin":""}],["LINK",{"rel":"modulepreload","href":"/assets/rolldown-runtime-hePW80VL.js","crossorigin":""}],["LINK",{"rel":"modulepreload","href":"/assets/framework-bym5aI3S.js","crossorigin":""}],["LINK",{"rel":"modulepreload","href":"/assets/index-BJF52p9w.js","crossorigin":""}],["TITLE",{},"Private coaching plan | Roadmap"],["META",{"name":"description","content":"Turn a golf assessment into a clear, coach-branded development roadmap and an appropriate first lesson-package recommendation."}],["META",{"name":"application-name","content":"Roadmap"}],["META",{"name":"category","content":"business"}],["META",{"name":"robots","content":"noindex, nofollow, nocache"}],["META",{"property":"og:title","content":"Roadmap | Coach-branded golf development roadmaps"}],["META",{"property":"og:description","content":"Turn a golf assessment into a clear, coach-branded development roadmap and an appropriate first lesson-package recommendation."}],["META",{"property":"og:site_name","content":"Roadmap"}],["META",{"property":"og:type","content":"website"}],["META",{"property":"og:locale","content":"en_CA"}],["META",{"property":"og:image","content":"http://127.0.0.1:4175/og.png"}],["META",{"property":"og:image:width","content":"1734"}],["META",{"property":"og:image:height","content":"909"}],["META",{"property":"og:image:alt","content":"Roadmap — Sell the plan, not another hour."}],["META",{"name":"twitter:card","content":"summary_large_image"}],["META",{"name":"twitter:title","content":"Roadmap | Coach-branded golf development roadmaps"}],["META",{"name":"twitter:description","content":"Turn a golf assessment into a clear, coach-branded development roadmap and an appropriate first lesson-package recommendation."}],["META",{"name":"twitter:image","content":"http://127.0.0.1:4175/og.png"}],["LINK",{"rel":"shortcut icon","href":"http://127.0.0.1:4175/favicon.svg"}],["LINK",{"rel":"icon","href":"http://127.0.0.1:4175/favicon.svg","type":"image/svg+xml"}],["META",{"name":"theme-color","content":"#173d31"}],["META",{"name":"color-scheme","content":"light"}],["LINK",{"rel":"modulepreload","nonce":"","href":"/assets/index-BJF52p9w.js"}],"\n"],["BODY",{},["MAIN",{"class":"_shell_3w0z9_1"},["DIV",{"class":"_wordmark_3w0z9_12"},"Roadmap"],["SECTION",{"class":"_card_3w0z9_17","aria-busy":"true","aria-live":"polite"},["SPAN",{},"Private coaching plan"],["H1",{},"Opening your roadmap…"],["P",{},"The private access link is being checked. No coaching details are shown until it is valid."]]]]],"viewport":{"width":390,"height":844},"timestamp":3461.248,"wallTime":1786433324185,"collectionTime":0.9000000059604645,"resourceOverrides":[],"isMainFrame":true}}
{"type":"screencast-frame","pageId":"page@fd24c0cee17a415b8f841f639ba40476","sha1":"page@fd24c0cee17a415b8f841f639ba40476-1786433324184.jpeg","width":390,"height":844,"timestamp":3462.434,"frameSwapWallTime":1786433324187.797}
{"type":"before","callId":"call@38","startTime":3462.699,"title":"Wait for load state \"load\"","class":"Page","method":"__waitInfo__","params":{"waitId":"4ab2a3972d821d0f3312ab353e1a6adb","phase":"before","event":""},"pageId":"page@fd24c0cee17a415b8f841f639ba40476"}
{"type":"log","callId":"call@38","time":3462.758,"message":"  not waiting, \"load\" event already fired"}
{"type":"after","callId":"call@38","endTime":3462.767}
{"type":"before","callId":"call@42","startTime":3462.817,"class":"Frame","method":"ariaSnapshot","params":{"mode":"ai","timeout":30000},"pageId":"page@fd24c0cee17a415b8f841f639ba40476"}
{"type":"after","callId":"call@42","endTime":3486.941,"result":{"snapshot":"- main [ref=e2]:\n  - generic [ref=e3]: Roadmap\n  - generic [ref=e4]:\n    - text: Private coaching plan\n    - heading \"Opening your roadmap…\" [level=1] [ref=e5]\n    - paragraph [ref=e6]: The private access link is being checked. No coaching details are shown until it is valid."}}
{"type":"before","callId":"call@44","startTime":3487.238,"class":"Frame","method":"title","params":{},"pageId":"page@fd24c0cee17a415b8f841f639ba40476"}
{"type":"after","callId":"call@44","endTime":3489.086,"result":{"value":"Private coaching plan | Roadmap"}}
{"type":"before","callId":"call@46","startTime":3489.413,"class":"Page","method":"consoleMessages","params":{"filter":"since-navigation"},"pageId":"page@fd24c0cee17a415b8f841f639ba40476"}
{"type":"after","callId":"call@46","endTime":3489.442,"result":{"messages":[]}}
{"type":"before","callId":"call@48","startTime":3489.553,"class":"Page","method":"pageErrors","params":{"filter":"since-navigation"},"pageId":"page@fd24c0cee17a415b8f841f639ba40476"}
{"type":"after","callId":"call@48","endTime":3489.578,"result":{"errors":[]}}
{"type":"screencast-frame","pageId":"page@fd24c0cee17a415b8f841f639ba40476","sha1":"page@fd24c0cee17a415b8f841f639ba40476-1786433324236.jpeg","width":390,"height":844,"timestamp":3514.873,"frameSwapWallTime":1786433324240.9402}
{"type":"before","callId":"call@50","startTime":4429.004,"class":"Frame","method":"ariaSnapshot","params":{"mode":"ai","timeout":30000},"pageId":"page@fd24c0cee17a415b8f841f639ba40476"}
{"type":"after","callId":"call@50","endTime":4431.114,"result":{"snapshot":"- main [ref=e2]:\n  - generic [ref=e3]: Roadmap\n  - generic [ref=e4]:\n    - text: Plan unavailable\n    - heading \"This private roadmap cannot be opened.\" [level=1] [ref=e7]\n    - paragraph [ref=e8]: \"The link may be expired, revoked, replaced by a newer plan, or incomplete. No golfer information has been disclosed. Ask the coach to send a current link. Reference: 22a70927-b14c-4463-8179-743ee498fb07.\""}}
{"type":"before","callId":"call@52","startTime":4431.342,"class":"Frame","method":"title","params":{},"pageId":"page@fd24c0cee17a415b8f841f639ba40476"}
{"type":"after","callId":"call@52","endTime":4431.803,"result":{"value":"Private coaching plan | Roadmap"}}
{"type":"before","callId":"call@54","startTime":4431.986,"class":"Page","method":"consoleMessages","params":{"filter":"since-navigation"},"pageId":"page@fd24c0cee17a415b8f841f639ba40476"}
{"type":"after","callId":"call@54","endTime":4432.007,"result":{"messages":[]}}
{"type":"before","callId":"call@56","startTime":4432.107,"class":"Page","method":"pageErrors","params":{"filter":"since-navigation"},"pageId":"page@fd24c0cee17a415b8f841f639ba40476"}
{"type":"after","callId":"call@56","endTime":4432.122,"result":{"errors":[]}}
{"type":"before","callId":"call@58","startTime":5357.63,"class":"Page","method":"screenshot","params":{"type":"png","scale":"css","timeout":5000},"pageId":"page@fd24c0cee17a415b8f841f639ba40476","beforeSnapshot":"before@call@58"}
{"type":"frame-snapshot","snapshot":{"callId":"call@58","snapshotName":"before@call@58","pageId":"page@fd24c0cee17a415b8f841f639ba40476","frameId":"frame@d5dca43275f5abff996b7ae48404307c","frameUrl":"http://127.0.0.1:4175/r","doctype":"html","html":["HTML",{"lang":"en-CA"},[[1,34]],["BODY",{},["MAIN",{"class":"_shell_3w0z9_1"},[[1,36]],["SECTION",{"class":"_card_3w0z9_17","aria-busy":"false","aria-live":"polite"},["SPAN",{},"Plan unavailable"],["H1",{},"This private roadmap cannot be opened."],["P",{},"The link may be expired, revoked, replaced by a newer plan, or incomplete. No golfer information has been disclosed. Ask the coach to send a current link. Reference: 22a70927-b14c-4463-8179-743ee498fb07."]]]]],"viewport":{"width":390,"height":844},"timestamp":5358.743,"wallTime":1786433326085,"collectionTime":0.30000001192092896,"resourceOverrides":[],"isMainFrame":true}}
{"type":"log","callId":"call@58","time":5359.097,"message":"taking page screenshot"}
{"type":"log","callId":"call@58","time":5359.877,"message":"waiting for fonts to load..."}
{"type":"log","callId":"call@58","time":5360.461,"message":"fonts loaded"}
{"type":"screencast-frame","pageId":"page@fd24c0cee17a415b8f841f639ba40476","sha1":"page@fd24c0cee17a415b8f841f639ba40476-1786433326102.jpeg","width":390,"height":844,"timestamp":5380.492,"frameSwapWallTime":1786433326102.8809}
{"type":"after","callId":"call@58","endTime":5381.046,"result":{"binary":"<Buffer>"},"afterSnapshot":"after@call@58"}
{"type":"frame-snapshot","snapshot":{"callId":"call@58","snapshotName":"after@call@58","pageId":"page@fd24c0cee17a415b8f841f639ba40476","frameId":"frame@d5dca43275f5abff996b7ae48404307c","frameUrl":"http://127.0.0.1:4175/r","doctype":"html","html":[[1,9]],"viewport":{"width":390,"height":844},"timestamp":5381.818,"wallTime":1786433326108,"collectionTime":0.19999998807907104,"resourceOverrides":[],"isMainFrame":true}}
{"type":"before","callId":"call@60","startTime":5382.681,"class":"Frame","method":"title","params":{},"pageId":"page@fd24c0cee17a415b8f841f639ba40476"}
{"type":"after","callId":"call@60","endTime":5383.191,"result":{"value":"Private coaching plan | Roadmap"}}
{"type":"before","callId":"call@62","startTime":5383.384,"class":"Page","method":"consoleMessages","params":{"filter":"since-navigation"},"pageId":"page@fd24c0cee17a415b8f841f639ba40476"}
{"type":"after","callId":"call@62","endTime":5383.405,"result":{"messages":[]}}
{"type":"before","callId":"call@64","startTime":5383.546,"class":"Page","method":"pageErrors","params":{"filter":"since-navigation"},"pageId":"page@fd24c0cee17a415b8f841f639ba40476"}
{"type":"after","callId":"call@64","endTime":5383.569,"result":{"errors":[]}}
{"type":"before","callId":"call@66","startTime":19965.05,"class":"Frame","method":"title","params":{},"pageId":"page@fd24c0cee17a415b8f841f639ba40476"}
{"type":"after","callId":"call@66","endTime":19965.776,"result":{"value":"Private coaching plan | Roadmap"}}
{"type":"before","callId":"call@68","startTime":19966.03,"class":"Page","method":"consoleMessages","params":{"filter":"since-navigation"},"pageId":"page@fd24c0cee17a415b8f841f639ba40476"}
{"type":"after","callId":"call@68","endTime":19966.059,"result":{"messages":[]}}
{"type":"before","callId":"call@70","startTime":19966.234,"class":"Page","method":"pageErrors","params":{"filter":"since-navigation"},"pageId":"page@fd24c0cee17a415b8f841f639ba40476"}
{"type":"after","callId":"call@70","endTime":19966.25,"result":{"errors":[]}}
{"type":"before","callId":"call@72","startTime":34637.95,"class":"Frame","method":"title","params":{},"pageId":"page@fd24c0cee17a415b8f841f639ba40476"}
{"type":"after","callId":"call@72","endTime":34638.674,"result":{"value":"Private coaching plan | Roadmap"}}
{"type":"before","callId":"call@74","startTime":34638.89,"class":"Page","method":"consoleMessages","params":{"filter":"since-navigation"},"pageId":"page@fd24c0cee17a415b8f841f639ba40476"}
{"type":"after","callId":"call@74","endTime":34638.931,"result":{"messages":[]}}
{"type":"before","callId":"call@76","startTime":34639.443,"class":"Page","method":"pageErrors","params":{"filter":"since-navigation"},"pageId":"page@fd24c0cee17a415b8f841f639ba40476"}
{"type":"after","callId":"call@76","endTime":34639.469,"result":{"errors":[]}}
{"type":"before","callId":"call@78","startTime":35655.432,"class":"Frame","method":"title","params":{},"pageId":"page@fd24c0cee17a415b8f841f639ba40476"}
{"type":"after","callId":"call@78","endTime":35656.149,"result":{"value":"Private coaching plan | Roadmap"}}
{"type":"before","callId":"call@80","startTime":35656.363,"class":"Page","method":"consoleMessages","params":{"filter":"since-navigation"},"pageId":"page@fd24c0cee17a415b8f841f639ba40476"}
{"type":"after","callId":"call@80","endTime":35656.389,"result":{"messages":[]}}
{"type":"before","callId":"call@82","startTime":35656.535,"class":"Page","method":"pageErrors","params":{"filter":"since-navigation"},"pageId":"page@fd24c0cee17a415b8f841f639ba40476"}
{"type":"after","callId":"call@82","endTime":35656.563,"result":{"errors":[]}}
{"type":"before","callId":"call@84","startTime":36600.423,"class":"Response","method":"body","params":{},"pageId":"page@fd24c0cee17a415b8f841f639ba40476"}
{"type":"after","callId":"call@84","endTime":36600.553,"result":{"binary":"<Buffer>"}}
{"type":"before","callId":"call@86","startTime":36601.048,"class":"Frame","method":"title","params":{},"pageId":"page@fd24c0cee17a415b8f841f639ba40476"}
{"type":"after","callId":"call@86","endTime":36601.835,"result":{"value":"Private coaching plan | Roadmap"}}
{"type":"before","callId":"call@88","startTime":36602.183,"class":"Page","method":"consoleMessages","params":{"filter":"since-navigation"},"pageId":"page@fd24c0cee17a415b8f841f639ba40476"}
{"type":"after","callId":"call@88","endTime":36602.205,"result":{"messages":[]}}
{"type":"before","callId":"call@90","startTime":36602.349,"class":"Page","method":"pageErrors","params":{"filter":"since-navigation"},"pageId":"page@fd24c0cee17a415b8f841f639ba40476"}
{"type":"after","callId":"call@90","endTime":36602.367,"result":{"errors":[]}}
{"type":"before","callId":"call@92","startTime":37517.969,"class":"Page","method":"consoleMessages","params":{"filter":"since-navigation"},"pageId":"page@fd24c0cee17a415b8f841f639ba40476"}
{"type":"after","callId":"call@92","endTime":37518.028,"result":{"messages":[]}}
{"type":"before","callId":"call@94","startTime":37518.122,"class":"Page","method":"pageErrors","params":{"filter":"since-navigation"},"pageId":"page@fd24c0cee17a415b8f841f639ba40476"}
{"type":"after","callId":"call@94","endTime":37518.133,"result":{"errors":[]}}
{"type":"before","callId":"call@96","startTime":37518.368,"class":"Page","method":"consoleMessages","params":{"filter":"since-navigation"},"pageId":"page@fd24c0cee17a415b8f841f639ba40476"}
{"type":"after","callId":"call@96","endTime":37518.388,"result":{"messages":[]}}
{"type":"before","callId":"call@98","startTime":37518.663,"class":"Page","method":"pageErrors","params":{"filter":"since-navigation"},"pageId":"page@fd24c0cee17a415b8f841f639ba40476"}
{"type":"after","callId":"call@98","endTime":37518.686,"result":{"errors":[]}}
{"type":"before","callId":"call@100","startTime":37518.898,"class":"Frame","method":"title","params":{},"pageId":"page@fd24c0cee17a415b8f841f639ba40476"}
{"type":"after","callId":"call@100","endTime":37519.792,"result":{"value":"Private coaching plan | Roadmap"}}
{"type":"before","callId":"call@102","startTime":37520.022,"class":"Page","method":"consoleMessages","params":{"filter":"since-navigation"},"pageId":"page@fd24c0cee17a415b8f841f639ba40476"}
{"type":"after","callId":"call@102","endTime":37520.043,"result":{"messages":[]}}
{"type":"before","callId":"call@104","startTime":37520.195,"class":"Page","method":"pageErrors","params":{"filter":"since-navigation"},"pageId":"page@fd24c0cee17a415b8f841f639ba40476"}
{"type":"after","callId":"call@104","endTime":37520.22,"result":{"errors":[]}}
{"type":"before","callId":"call@106","startTime":38458.223,"class":"BrowserContext","method":"cookies","params":{"urls":[]}}
{"type":"after","callId":"call@106","endTime":38458.973,"result":{"cookies":[{"name":"roadmap_qa_scenario","value":"republished","domain":"127.0.0.1","path":"/","expires":-1,"httpOnly":true,"secure":false,"sameSite":"Strict"}]}}
{"type":"before","callId":"call@108","startTime":38459.233,"class":"Frame","method":"title","params":{},"pageId":"page@fd24c0cee17a415b8f841f639ba40476"}
{"type":"after","callId":"call@108","endTime":38459.791,"result":{"value":"Private coaching plan | Roadmap"}}
{"type":"before","callId":"call@110","startTime":38459.991,"class":"Page","method":"consoleMessages","params":{"filter":"since-navigation"},"pageId":"page@fd24c0cee17a415b8f841f639ba40476"}
{"type":"after","callId":"call@110","endTime":38460.008,"result":{"messages":[]}}
{"type":"before","callId":"call@112","startTime":38460.145,"class":"Page","method":"pageErrors","params":{"filter":"since-navigation"},"pageId":"page@fd24c0cee17a415b8f841f639ba40476"}
{"type":"after","callId":"call@112","endTime":38460.159,"result":{"errors":[]}}
{"type":"before","callId":"call@114","startTime":59855.538,"class":"Frame","method":"evaluateExpression","params":{"expression":"async (expr) => {\n              const value = eval(`(${expr})`);\n              const isFunction = typeof value === \"function\";\n              const result = await (isFunction ? value() : value);\n              return { result, isFunction };\n            }","isFunction":true,"arg":{"value":{"s":"() => ({url: location.href, title: document.title, body: document.body.innerText})"},"handles":[]}},"pageId":"page@fd24c0cee17a415b8f841f639ba40476","beforeSnapshot":"before@call@114"}
{"type":"frame-snapshot","snapshot":{"callId":"call@114","snapshotName":"before@call@114","pageId":"page@fd24c0cee17a415b8f841f639ba40476","frameId":"frame@d5dca43275f5abff996b7ae48404307c","frameUrl":"http://127.0.0.1:4175/r","doctype":"html","html":[[2,9]],"viewport":{"width":390,"height":844},"timestamp":59856.342,"wallTime":1786433380582,"collectionTime":0.09999999403953552,"resourceOverrides":[],"isMainFrame":true}}
{"type":"after","callId":"call@114","endTime":59857.857,"result":{"value":{"o":[{"k":"result","v":{"o":[{"k":"url","v":{"s":"http://127.0.0.1:4175/r"}},{"k":"title","v":{"s":"Private coaching plan | Roadmap"}},{"k":"body","v":{"s":"Roadmap\nPLAN UNAVAILABLE\nThis private roadmap cannot be opened.\n\nThe link may be expired, revoked, replaced by a newer plan, or incomplete. No golfer information has been disclosed. Ask the coach to send a current link. Reference: 22a70927-b14c-4463-8179-743ee498fb07."}}],"id":2}},{"k":"isFunction","v":{"b":true}}],"id":1}},"afterSnapshot":"after@call@114"}
{"type":"frame-snapshot","snapshot":{"callId":"call@114","snapshotName":"after@call@114","pageId":"page@fd24c0cee17a415b8f841f639ba40476","frameId":"frame@d5dca43275f5abff996b7ae48404307c","frameUrl":"http://127.0.0.1:4175/r","doctype":"html","html":[[3,9]],"viewport":{"width":390,"height":844},"timestamp":59858.353,"wallTime":1786433380584,"collectionTime":0.09999999403953552,"resourceOverrides":[],"isMainFrame":true}}
{"type":"before","callId":"call@116","startTime":59858.697,"class":"Frame","method":"evaluateExpression","params":{"expression":"(ms) => new Promise((f) => setTimeout(f, ms))","isFunction":true,"arg":{"value":{"n":500},"handles":[]}},"pageId":"page@fd24c0cee17a415b8f841f639ba40476","beforeSnapshot":"before@call@116"}
{"type":"frame-snapshot","snapshot":{"callId":"call@116","snapshotName":"before@call@116","pageId":"page@fd24c0cee17a415b8f841f639ba40476","frameId":"frame@d5dca43275f5abff996b7ae48404307c","frameUrl":"http://127.0.0.1:4175/r","doctype":"html","html":[[4,9]],"viewport":{"width":390,"height":844},"timestamp":59859.297,"wallTime":1786433380585,"collectionTime":0.09999999403953552,"resourceOverrides":[],"isMainFrame":true}}
{"type":"after","callId":"call@116","endTime":60363.071,"result":{"value":{"v":"undefined"}},"afterSnapshot":"after@call@116"}
{"type":"frame-snapshot","snapshot":{"callId":"call@116","snapshotName":"after@call@116","pageId":"page@fd24c0cee17a415b8f841f639ba40476","frameId":"frame@d5dca43275f5abff996b7ae48404307c","frameUrl":"http://127.0.0.1:4175/r","doctype":"html","html":[[5,9]],"viewport":{"width":390,"height":844},"timestamp":60363.996,"wallTime":1786433381090,"collectionTime":0.29999998211860657,"resourceOverrides":[],"isMainFrame":true}}
{"type":"before","callId":"call@118","startTime":60364.884,"class":"Frame","method":"title","params":{},"pageId":"page@fd24c0cee17a415b8f841f639ba40476"}
{"type":"after","callId":"call@118","endTime":60365.513,"result":{"value":"Private coaching plan | Roadmap"}}
{"type":"before","callId":"call@120","startTime":60365.723,"class":"Page","method":"consoleMessages","params":{"filter":"since-navigation"},"pageId":"page@fd24c0cee17a415b8f841f639ba40476"}
{"type":"after","callId":"call@120","endTime":60365.744,"result":{"messages":[]}}
{"type":"before","callId":"call@122","startTime":60365.831,"class":"Page","method":"pageErrors","params":{"filter":"since-navigation"},"pageId":"page@fd24c0cee17a415b8f841f639ba40476"}
{"type":"after","callId":"call@122","endTime":60365.842,"result":{"errors":[]}}
{"type":"before","callId":"call@124","startTime":61295.29,"class":"Frame","method":"ariaSnapshot","params":{"mode":"ai","timeout":30000},"pageId":"page@fd24c0cee17a415b8f841f639ba40476"}
{"type":"after","callId":"call@124","endTime":61297.12,"result":{"snapshot":"- main [ref=e2]:\n  - generic [ref=e3]: Roadmap\n  - generic [ref=e4]:\n    - text: Plan unavailable\n    - heading \"This private roadmap cannot be opened.\" [level=1] [ref=e7]\n    - paragraph [ref=e8]: \"The link may be expired, revoked, replaced by a newer plan, or incomplete. No golfer information has been disclosed. Ask the coach to send a current link. Reference: 22a70927-b14c-4463-8179-743ee498fb07.\""}}
{"type":"before","callId":"call@126","startTime":61297.357,"class":"Frame","method":"title","params":{},"pageId":"page@fd24c0cee17a415b8f841f639ba40476"}
{"type":"after","callId":"call@126","endTime":61297.804,"result":{"value":"Private coaching plan | Roadmap"}}
{"type":"before","callId":"call@128","startTime":61298.005,"class":"Page","method":"consoleMessages","params":{"filter":"since-navigation"},"pageId":"page@fd24c0cee17a415b8f841f639ba40476"}
{"type":"after","callId":"call@128","endTime":61298.025,"result":{"messages":[]}}
{"type":"before","callId":"call@130","startTime":61298.355,"class":"Page","method":"pageErrors","params":{"filter":"since-navigation"},"pageId":"page@fd24c0cee17a415b8f841f639ba40476"}
{"type":"after","callId":"call@130","endTime":61298.384,"result":{"errors":[]}}
